================================================================================
GNSASM PIC Assembler Listing File
================================================================================

Device: PIC16F1847
Architecture: PIC16 (14-bit instructions)

================================================================================
ASSEMBLY LISTING
================================================================================
  Addr  |  Hex Code  | Source Code
--------+----------+------------------------------------------------------------
        |           | ; Test: Basic device register resolution from .inc file
        |           | ; Tests that device registers can be used by their symbolic names after #include
        |           | 
        |           | #include <pic16f18076.inc>
        |           | 
        |           |     ORG 0x00
        |           | 
        |           |     ; Define user variables using device register values
        |           |     ; This demonstrates that device registers have been loaded and are accessible
        |           |     MY_WREG_ADDR    EQU WREG    ; Should be 0x09
  0x0000  | 0x3009   |     MY_STATUS_ADDR  EQU STATUS  ; Should be 0x03
  0x0002  | 0x3003   |     MY_PORTA_ADDR   EQU PORTA   ; Should be 0x0C
  0x0004  | 0x300c   |     MY_PORTB_ADDR   EQU PORTB   ; Should be 0x0D
  0x0006  | 0x300d   | 
        |           |     ; Use the constants we just created
        |           |     MOVLW MY_WREG_ADDR
        |           |     MOVLW MY_STATUS_ADDR
        |           |     MOVLW MY_PORTA_ADDR
        |           |     MOVLW MY_PORTB_ADDR
        |           | 
        |           |     END

================================================================================
SYMBOL TABLE
================================================================================
(No symbols defined)

================================================================================
MEMORY USAGE
================================================================================
Program Memory: 8 bytes / 2048 bytes (0.39%)
Data Memory:    0 bytes / 1520 bytes (0.00%)
EEPROM:         0 bytes / 256 bytes (0.00%)

================================================================================
ASSEMBLY STATISTICS
================================================================================
Total Instructions: 4
Address Range:      0x0000 - 0x0006
Total Data Items:   0
Config Words:       0

Assembly Status: SUCCESS

================================================================================
End of Listing
================================================================================
