================================================================================
GNSASM PIC Assembler Listing File
================================================================================

Device: PIC16F1847
Architecture: PIC16 (14-bit instructions)

================================================================================
ASSEMBLY LISTING
================================================================================
  Addr  |  Hex Code  | Source Code
--------+----------+------------------------------------------------------------
        |           | ; Test error handling in listing file
        |           | ; This file has an intentional error
        |           | 
  0x0000  | 0x30ff   |     ORG 0x00
        |           | 
  0x0002  | 0x0000   |     MOVLW 0xFF
        |           |     UNKNOWN_INSTRUCTION_HERE    ; This will cause an error
        |           |     NOP
        |           | 
        |           |     END

================================================================================
SYMBOL TABLE
================================================================================
(No symbols defined)

================================================================================
MEMORY USAGE
================================================================================
Program Memory: 4 bytes / 2048 bytes (0.20%)
Data Memory:    0 bytes / 1520 bytes (0.00%)
EEPROM:         0 bytes / 256 bytes (0.00%)

================================================================================
ASSEMBLY STATISTICS
================================================================================
Total Instructions: 2
Address Range:      0x0000 - 0x0002
Total Data Items:   0
Config Words:       0

Assembly Status: SUCCESS

================================================================================
End of Listing
================================================================================
