================================================================================
GNSASM PIC Assembler Listing File
================================================================================

Device: PIC16F1847
Architecture: PIC16 (14-bit instructions)

================================================================================
ASSEMBLY LISTING
================================================================================
  Addr  |  Hex Code  | Source Code
--------+----------+------------------------------------------------------------
        |           | ; Test dot-prefixed directives
        |           | .NOLIST
        |           | .LIST
        |           | 
  0x0000  | 0x3000   |         ORG 0x0000
  0x0002  | 0x00a0   | 
  0x0004  | 0x0aa0   | start:  MOVLW 0x00
  0x0006  | 0x2802   |         MOVWF 0x20
        |           | 
        |           | loop:   INCF 0x20,1
        |           |         GOTO loop
        |           | 
        |           |         END

================================================================================
SYMBOL TABLE
================================================================================
(No symbols defined)

================================================================================
MEMORY USAGE
================================================================================
Program Memory: 8 bytes / 2048 bytes (0.39%)
Data Memory:    0 bytes / 1520 bytes (0.00%)
EEPROM:         0 bytes / 256 bytes (0.00%)

================================================================================
ASSEMBLY STATISTICS
================================================================================
Total Instructions: 4
Address Range:      0x0000 - 0x0006
Total Data Items:   0
Config Words:       0

Assembly Status: SUCCESS

================================================================================
End of Listing
================================================================================
